// Jest Snapshot v1, https://goo.gl/fbAQLP

exports[`should render layout correcyly 1`] = `undefined`;
